// Jest Snapshot v1, https://goo.gl/fbAQLP

exports[`Form  Snapshot test Form  Snapshot test Render 1`] = `
<div
  className="sc-bdnylx leTbsp"
>
  <div
    className="sc-gtssRu brhlVN"
  >
    <div
      className="sc-hKFyIo dJqfuM"
    >
      <img
        alt="Logotipo Skambo"
        src="register-icon.svg"
      />
    </div>
    <div
      className="sc-dlnjPT cOIIvD"
    />
  </div>
</div>
`;
