// Jest Snapshot v1, https://goo.gl/fbAQLP

exports[`Card  Snapshot test Card Snapshot test Render 1`] = `
<div
  style={Object {}}
>
  <div
    className="sc-bdnylx qAWFh"
  >
    <img
      alt="card"
    />
    <div>
      <strong
        onBlur={[Function]}
        onClick={[Function]}
        onFocus={[Function]}
        onMouseEnter={[Function]}
        onMouseLeave={[Function]}
      />
      <p />
    </div>
  </div>
</div>
`;
